// Jest Snapshot v1, https://goo.gl/fbAQLP

exports[`items component renders the UI as expected 1`] = `
Array [
  <li
    className="searchLi"
  >
     
    beer one
    <div
      className="searchAbv"
    >
      ABV: 
      4
    </div>
    <p
      className="searchDescript"
    >
      im a beer
    </p>
    <button
      onClick={[Function]}
    >
      Add to My Beers
    </button>
  </li>,
  <li
    className="searchLi"
  >
     
    beer two
    <div
      className="searchAbv"
    >
      ABV: 
      5
    </div>
    <p
      className="searchDescript"
    >
      im a beer too
    </p>
    <button
      onClick={[Function]}
    >
      Add to My Beers
    </button>
  </li>,
]
`;
